🔥 THE FORGE AI - AppImage Builder
====================================

[1;33mℹ[0m Downloading AppImage tools...

     0K .......... .......... .......... .......... ..........  0% 2.58M 3s
    50K .......... .......... .......... .......... ..........  1% 2.87M 3s
   100K .......... .......... .......... .......... ..........  1% 10.5M 2s
   150K .......... .......... .......... .......... ..........  2% 16.5M 2s
   200K .......... .......... .......... .......... ..........  2% 4.78M 2s
   250K .......... .......... .......... .......... ..........  3% 21.9M 2s
   300K .......... .......... .......... .......... ..........  4% 24.4M 1s
   350K .......... .......... .......... .......... ..........  4% 18.2M 1s
   400K .......... .......... .......... .......... ..........  5% 32.2M 1s
   450K .......... .......... .......... .......... ..........  5% 5.92M 1s
   500K .......... .......... .......... .......... ..........  6% 50.5M 1s
   550K .......... .......... .......... .......... ..........  6% 28.9M 1s
   600K .......... .......... .......... .......... ..........  7% 62.7M 1s
   650K .......... .......... .......... .......... ..........  8% 23.0M 1s
   700K .......... .......... .......... .......... ..........  8%  101M 1s
   750K .......... .......... .......... .......... ..........  9% 26.6M 1s
   800K .......... .......... .......... .......... ..........  9% 85.7M 1s
   850K .......... .......... .......... .......... .......... 10% 47.4M 1s
   900K .......... .......... .......... .......... .......... 11% 48.0M 1s
   950K .......... .......... .......... .......... .......... 11%  143M 1s
  1000K .......... .......... .......... .......... .......... 12% 6.94M 1s
  1050K .......... .......... .......... .......... .......... 12% 59.8M 1s
  1100K .......... .......... .......... .......... .......... 13% 45.0M 1s
  1150K .......... .......... .......... .......... .......... 13%  113M 1s
  1200K .......... .......... .......... .......... .......... 14%  172M 1s
  1250K .......... .......... .......... .......... .......... 15% 70.5M 1s
  1300K .......... .......... .......... .......... .......... 15% 38.6M 0s
  1350K .......... .......... .......... .......... .......... 16% 70.1M 0s
  1400K .......... .......... .......... .......... .......... 16%  128M 0s
  1450K .......... .......... .......... .......... .......... 17%  164M 0s
  1500K .......... .......... .......... .......... .......... 18% 37.3M 0s
  1550K .......... .......... .......... .......... .......... 18%  115M 0s
  1600K .......... .......... .......... .......... .......... 19% 92.0M 0s
  1650K .......... .......... .......... .......... .......... 19% 99.4M 0s
  1700K .......... .......... .......... .......... .......... 20%  163M 0s
  1750K .......... .......... .......... .......... .......... 20% 91.6M 0s
  1800K .......... .......... .......... .......... .......... 21% 98.6M 0s
  1850K .......... .......... .......... .......... .......... 22%  105M 0s
  1900K .......... .......... .......... .......... .......... 22%  160M 0s
  1950K .......... .......... .......... .......... .......... 23%  104M 0s
  2000K .......... .......... .......... .......... .......... 23% 7.56M 0s
  2050K .......... .......... .......... .......... .......... 24%  154M 0s
  2100K .......... .......... .......... .......... .......... 24%  128M 0s
  2150K .......... .......... .......... .......... .......... 25%  117M 0s
  2200K .......... .......... .......... .......... .......... 26%  174M 0s
  2250K .......... .......... .......... .......... .......... 26%  107M 0s
  2300K .......... .......... .......... .......... .......... 27%  132M 0s
  2350K .......... .......... .......... .......... .......... 27%  113M 0s
  2400K .......... .......... .......... .......... .......... 28%  121M 0s
  2450K .......... .......... .......... .......... .......... 29%  135M 0s
  2500K .......... .......... .......... .......... .......... 29%  135M 0s
  2550K .......... .......... .......... .......... .......... 30%  139M 0s
  2600K .......... .......... .......... .......... .......... 30%  113M 0s
  2650K .......... .......... .......... .......... .......... 31%  173M 0s
  2700K .......... .......... .......... .......... .......... 31%  111M 0s
  2750K .......... .......... .......... .......... .......... 32%  117M 0s
  2800K .......... .......... .......... .......... .......... 33%  134M 0s
  2850K .......... .......... .......... .......... .......... 33%  167M 0s
  2900K .......... .......... .......... .......... .......... 34%  170M 0s
  2950K .......... .......... .......... .......... .......... 34%  100M 0s
  3000K .......... .......... .......... .......... .......... 35%  133M 0s
  3050K .......... .......... .......... .......... .......... 36%  143M 0s
  3100K .......... .......... .......... .......... .......... 36%  125M 0s
  3150K .......... .......... .......... .......... .......... 37%  117M 0s
  3200K .......... .......... .......... .......... .......... 37%  113M 0s
  3250K .......... .......... .......... .......... .......... 38%  135M 0s
  3300K .......... .......... .......... .......... .......... 38%  139M 0s
  3350K .......... .......... .......... .......... .......... 39%  108M 0s
  3400K .......... .......... .......... .......... .......... 40%  133M 0s
  3450K .......... .......... .......... .......... .......... 40%  129M 0s
  3500K .......... .......... .......... .......... .......... 41%  115M 0s
  3550K .......... .......... .......... .......... .......... 41%  142M 0s
  3600K .......... .......... .......... .......... .......... 42%  159M 0s
  3650K .......... .......... .......... .......... .......... 42%  171M 0s
  3700K .......... .......... .......... .......... .......... 43%  170M 0s
  3750K .......... .......... .......... .......... .......... 44%  142M 0s
  3800K .......... .......... .......... .......... .......... 44%  166M 0s
  3850K .......... .......... .......... .......... .......... 45%  166M 0s
  3900K .......... .......... .......... .......... .......... 45%  170M 0s
  3950K .......... .......... .......... .......... .......... 46%  138M 0s
  4000K .......... .......... .......... .......... .......... 47% 15.8M 0s
  4050K .......... .......... .......... .......... .......... 47%  115M 0s
  4100K .......... .......... .......... .......... .......... 48%  103M 0s
  4150K .......... .......... .......... .......... .......... 48%  111M 0s
  4200K .......... .......... .......... .......... .......... 49%  121M 0s
  4250K .......... .......... .......... .......... .......... 49%  120M 0s
  4300K .......... .......... .......... .......... .......... 50%  113M 0s
  4350K .......... .......... .......... .......... .......... 51% 95.1M 0s
  4400K .......... .......... .......... .......... .......... 51%  112M 0s
  4450K .......... .......... .......... .......... .......... 52%  114M 0s
  4500K .......... .......... .......... .......... .......... 52%  118M 0s
  4550K .......... .......... .......... .......... .......... 53%  103M 0s
  4600K .......... .......... .......... .......... .......... 54%  162M 0s
  4650K .......... .......... .......... .......... .......... 54%  112M 0s
  4700K .......... .......... .......... .......... .......... 55%  135M 0s
  4750K .......... .......... .......... .......... .......... 55%  136M 0s
  4800K .......... .......... .......... .......... .......... 56%  167M 0s
  4850K .......... .......... .......... .......... .......... 56%  158M 0s
  4900K .......... .......... .......... .......... .......... 57% 99.3M 0s
  4950K .......... .......... .......... .......... .......... 58%  116M 0s
  5000K .......... .......... .......... .......... .......... 58%  160M 0s
  5050K .......... .......... .......... .......... .......... 59%  173M 0s
  5100K .......... .......... .......... .......... .......... 59%  106M 0s
  5150K .......... .......... .......... .......... .......... 60%  122M 0s
  5200K .......... .......... .......... .......... .......... 61%  131M 0s
  5250K .......... .......... .......... .......... .......... 61%  119M 0s
  5300K .......... .......... .......... .......... .......... 62%  137M 0s
  5350K .......... .......... .......... .......... .......... 62%  141M 0s
  5400K .......... .......... .......... .......... .......... 63%  111M 0s
  5450K .......... .......... .......... .......... .......... 63%  173M 0s
  5500K .......... .......... .......... .......... .......... 64%  135M 0s
  5550K .......... .......... .......... .......... .......... 65%  136M 0s
  5600K .......... .......... .......... .......... .......... 65%  161M 0s
  5650K .......... .......... .......... .......... .......... 66%  153M 0s
  5700K .......... .......... .......... .......... .......... 66%  147M 0s
  5750K .......... .......... .......... .......... .......... 67%  150M 0s
  5800K .......... .......... .......... .......... .......... 67%  161M 0s
  5850K .......... .......... .......... .......... .......... 68%  164M 0s
  5900K .......... .......... .......... .......... .......... 69%  173M 0s
  5950K .......... .......... .......... .......... .......... 69%  140M 0s
  6000K .......... .......... .......... .......... .......... 70%  168M 0s
  6050K .......... .......... .......... .......... .......... 70%  173M 0s
  6100K .......... .......... .......... .......... .......... 71%  165M 0s
  6150K .......... .......... .......... .......... .......... 72%  147M 0s
  6200K .......... .......... .......... .......... .......... 72%  173M 0s
  6250K .......... .......... .......... .......... .......... 73%  170M 0s
  6300K .......... .......... .......... .......... .......... 73%  166M 0s
  6350K .......... .......... .......... .......... .......... 74%  139M 0s
  6400K .......... .......... .......... .......... .......... 74% 96.1M 0s
  6450K .......... .......... .......... .......... .......... 75% 86.8M 0s
  6500K .......... .......... .......... .......... .......... 76% 97.4M 0s
  6550K .......... .......... .......... .......... .......... 76%  148M 0s
  6600K .......... .......... .......... .......... .......... 77%  132M 0s
  6650K .......... .......... .......... .......... .......... 77%  132M 0s
  6700K .......... .......... .......... .......... .......... 78%  137M 0s
  6750K .......... .......... .......... .......... .......... 79%  105M 0s
  6800K .......... .......... .......... .......... .......... 79%  130M 0s
  6850K .......... .......... .......... .......... .......... 80%  156M 0s
  6900K .......... .......... .......... .......... .......... 80%  112M 0s
  6950K .......... .......... .......... .......... .......... 81%  146M 0s
  7000K .......... .......... .......... .......... .......... 81%  123M 0s
  7050K .......... .......... .......... .......... .......... 82%  156M 0s
  7100K .......... .......... .......... .......... .......... 83%  111M 0s
  7150K .......... .......... .......... .......... .......... 83%  109M 0s
  7200K .......... .......... .......... .......... .......... 84%  174M 0s
  7250K .......... .......... .......... .......... .......... 84%  148M 0s
  7300K .......... .......... .......... .......... .......... 85%  146M 0s
  7350K .......... .......... .......... .......... .......... 85% 85.9M 0s
  7400K .......... .......... .......... .......... .......... 86%  130M 0s
  7450K .......... .......... .......... .......... .......... 87%  171M 0s
  7500K .......... .......... .......... .......... .......... 87%  136M 0s
  7550K .......... .......... .......... .......... .......... 88%  158M 0s
  7600K .......... .......... .......... .......... .......... 88%  284M 0s
  7650K .......... .......... .......... .......... .......... 89%  325M 0s
  7700K .......... .......... .......... .......... .......... 90%  361M 0s
  7750K .......... .......... .......... .......... .......... 90%  331M 0s
  7800K .......... .......... .......... .......... .......... 91%  355M 0s
  7850K .......... .......... .......... .......... .......... 91%  281M 0s
  7900K .......... .......... .......... .......... .......... 92%  248M 0s
  7950K .......... .......... .......... .......... .......... 92%  275M 0s
  8000K .......... .......... .......... .......... .......... 93%  350M 0s
  8050K .......... .......... .......... .......... .......... 94%  269M 0s
  8100K .......... .......... .......... .......... .......... 94%  344M 0s
  8150K .......... .......... .......... .......... .......... 95%  294M 0s
  8200K .......... .......... .......... .......... .......... 95%  274M 0s
  8250K .......... .......... .......... .......... .......... 96%  329M 0s
  8300K .......... .......... .......... .......... .......... 97%  351M 0s
  8350K .......... .......... .......... .......... .......... 97%  290M 0s
  8400K .......... .......... .......... .......... .......... 98%  317M 0s
  8450K .......... .......... .......... .......... .......... 98%  244M 0s
  8500K .......... .......... .......... .......... .......... 99%  336M 0s
  8550K .......... .......... .......... .......... .......... 99%  302M 0s
  8600K .....                                                 100% 9.66T=0.2s

[0;32m✓[0m Downloaded appimagetool
[1;33mℹ[0m Creating AppDir structure...
[0;32m✓[0m AppDir structure created
[1;33mℹ[0m Copying application files...
[0;32m✓[0m Application files copied
[1;33mℹ[0m Creating launcher script...
[0;32m✓[0m Launcher created
[1;33mℹ[0m Creating desktop file...
[0;32m✓[0m Desktop file created
[1;33mℹ[0m Creating icon...
[0;32m✓[0m Icon created
[1;33mℹ[0m Building AppImage...
dlopen(): error loading libfuse.so.2

AppImages require FUSE to run. 
You might still be able to extract the contents of this AppImage 
if you run it with the --appimage-extract option. 
See https://github.com/AppImage/AppImageKit/wiki/FUSE 
for more information
